nohup: ignoring input
Args in experiment:
Namespace(activation='gelu', anomaly_ratio=0.25, batch_size=8, c_out=321, checkpoints='./checkpoints/', cycle_len=24, d_model=8, data='custom', data_path='electricity.csv', dec_in=321, des='Exp', devices='2,3', dropout=0.1, e_layers=4, embed='timeF', enc_in=321, features='M', freq='h', gpu=0, inverse=False, is_training=1, itr=1, kernel_size=2, label_len=48, learning_rate=0.0005, long_term=1, long_term_attn=1, loss='MSE', lradj='type3', mask_rate=0.25, model='SSCNN', model_id='ECL_168_96', num_kernels=6, num_workers=10, output_attention=False, p_hidden_dims=[128, 128], p_hidden_layers=2, patience=5, pred_len=96, root_path='./dataset/electricity/', seasonal=1, seasonal_attn=1, seasonal_patterns='Monthly', seq_len=168, short_period_len=8, short_term=1, short_term_attn=1, spatial=1, target='OT', task_name='long_term_forecast', top_k=5, train_epochs=200, use_amp=False, use_gpu=True, use_multi_gpu=False)
Use GPU: cuda:0
>>>>>>>start training : long_term_forecast_ECL_168_96_SSCNN_custom_ftM_sl168_ll48_pl96_dm8_el4_lt1_se1_st1_si1_lta1_sea1_sta1_0>>>>>>>>>>>>>>>>>>>>>>>>>>
train 18149
val 2537
test 5165
	iters: 100, epoch: 1 | loss: 0.5591598
	speed: 0.5552s/iter; left time: 251762.9101s
	iters: 200, epoch: 1 | loss: 0.3128449
	speed: 0.5593s/iter; left time: 253601.7514s
	iters: 300, epoch: 1 | loss: 0.2020763
	speed: 0.5586s/iter; left time: 253234.2963s
	iters: 400, epoch: 1 | loss: 0.1966561
	speed: 0.5562s/iter; left time: 252048.8221s
	iters: 500, epoch: 1 | loss: 0.1784240
	speed: 0.5529s/iter; left time: 250536.7677s
	iters: 600, epoch: 1 | loss: 0.1960629
	speed: 0.5535s/iter; left time: 250733.1802s
	iters: 700, epoch: 1 | loss: 0.1641748
	speed: 0.5526s/iter; left time: 250286.2532s
                                                                                                                                                                                                                                                                                                                                                                                                                                                                                                                                                                                                                                                                                                                                                                                                                                                                                                                                                                                                                                                                                                                                                                                                                                                                                                                                                                                                                                                                                                                                                                                                                                                                                                                                                                                                                                                    	iters: 100, epoch: 1 | loss: 0.6144331
	speed: 0.6983s/iter; left time: 312495.6517s
	iters: 200, epoch: 1 | loss: 0.3321621
	speed: 0.8456s/iter; left time: 378318.2031s
	iters: 300, epoch: 1 | loss: 0.2542942
	speed: 0.8410s/iter; left time: 376201.8951s
	iters: 400, epoch: 1 | loss: 0.2199505
	speed: 0.8365s/iter; left time: 374085.1627s
	iters: 500, epoch: 1 | loss: 0.1781564
	speed: 0.8330s/iter; left time: 372437.2008s
